[100verme.com.br/index.html]
[backblue.gif]
[fade.gif]
[index.html]
[100verme.com.br/images/logo_opengraph.png]
[kit.fontawesome.com/89a0574e2f.js]
[cdn.jsdelivr.net/npm/swiper@8/swiper-bundle.min.css]
[100verme.com.br/css/app5fa5.css]
[100verme.com.br/images/favicon.jpg]
[100verme.com.br/images/logo-verme.png]
[100verme.com.br/kids.html]
[100verme.com.br/images/kids/logo-info.png]
[100verme.com.br/images/kids/banner-mobile.png]
[100verme.com.br/images/logo.png]
[100verme.com.br/images/banner-mobile.png]
[100verme.com.br/images/card-1.png]
[100verme.com.br/images/card-3.png]
[100verme.com.br/images/icon-1.png]
[100verme.com.br/images/icon-2.png]
[100verme.com.br/images/icon-3.png]
[100verme.com.br/images/icon-4.png]
[100verme.com.br/images/banner-1-mobile.jpg]
[100verme.com.br/images/close.png]
[100verme.com.br/images/card-4.png]
[100verme.com.br/images/card-5.png]
[100verme.com.br/images/icon-5.png]
[100verme.com.br/images/icon-6.png]
[100verme.com.br/images/icon-7.png]
[100verme.com.br/images/depoimento-1.jpg]
[100verme.com.br/images/depoimento-2.jpg]
[100verme.com.br/images/depoimento-3.jpg]
[100verme.com.br/images/kids/banner-1-mobile.png]
[100verme.com.br/images/kids/card-1.png]
[100verme.com.br/images/kids/card-3.png]
[100verme.com.br/images/ciclo/lua.png]
[100verme.com.br/images/product-1.png]
[100verme.com.br/images/product-3.png]
[100verme.com.br/images/product-5.png]
[100verme.com.br/images/logo-uol.png]
[100verme.com.br/images/logo-metropoles.png]
[100verme.com.br/images/logo-g1.png]
[100verme.com.br/images/logo-veja.svg]
[100verme.com.br/images/logo-cmd.png]
[100verme.com.br/images/certificado-1.png]
[100verme.com.br/images/certificado-2.png]
[cdn.jsdelivr.net/npm/swiper@8/swiper-bundle.min.js]
[100verme.com.br/images/popup/popup-frete.jpg]
[100verme.com.br/index.html]
[100verme.com.br/images/logo_opengraph.html]
[cdn.jsdelivr.net/npm/swiper@8/swiper-bundle.min.css]
[unpkg.com/scrollreveal@4.0.0/dist/scrollreveal.min.js]
[100verme.com.br/js/main7392.js]
[100verme.com.br/images/banner-desktop.jpg]
[100verme.com.br/images/banner-1-desktop.jpg]
[100verme.com.br/images/banner-2-desktop.jpg]
[100verme.com.br/images/banner-3-desktop.jpg]
[100verme.com.br/images/banner-mobile.jpg]
[100verme.com.br/images/banner-2-mobile.jpg]
[100verme.com.br/images/banner-3-mobile.jpg]
[100verme.com.br/images/ciclo/banner.jpg]
[100verme.com.br/images/kids/banner.jpg]
[100verme.com.br/images/kids/banner-1.png]
[100verme.com.br/images/kids/banner-2.jpg]
[100verme.com.br/images/kids/banner-3.jpg]
[100verme.com.br/images/desparasite/banner.png]
[100verme.com.br/images/desparasite/banner-1.jpg]
[100verme.com.br/images/desparasite/banner-mobile-1.png]
[100verme.com.br/css/app5fa5.css]
[www.googletagmanager.com/gtm5445.html]
[100verme.com.br/images/icons/icon-1.png]
[100verme.com.br/images/icons/icon-2.png]
[100verme.com.br/images/icons/icon-3.png]
[100verme.com.br/images/icons/icon-4.png]
[100verme.com.br/images/kids/card-2.png]
[100verme.com.br/images/kids/card-4.png]
[100verme.com.br/images/kids/card-5.png]
[100verme.com.br/images/kids/image-1.png]
[100verme.com.br/images/kids/products.png]
[100verme.com.br/images/kids/logo-info-2.png]
[100verme.com.br/images/kids/calendario.png]
[100verme.com.br/images/kids/product.png]
[100verme.com.br/images/kids/product-3.png]
[100verme.com.br/images/kids/product-5.png]
[100verme.com.br/images/kids/logo-info-3.png]
[100verme.com.br/images/logos.png]
[100verme.com.br/kids.html]
[100verme.com.br/images/logo-veja.svg]
[100verme.com.br/js/main7392.js]
[100verme.com.br/images/banner-mobile.html]
[100verme.com.br/QTa.4d.delayed]
[100verme.com.br/QTa/index.html]
[100verme.com.br/ABCDEFGHIJKLMNOPQRSTUVWXYZabcdefghijklmnopqrstuvwxyz0123456789+]
[100verme.com.br/ABCDEFGHIJKLMNOPQRSTUVWXYZabcdefghijklmnopqrstuvwxyz0123456789+/index.html]
[100verme.com.br/edge]
[100verme.com.br/edge/index.html]
[100verme.com.br/6lN]
[100verme.com.br/6lN/index.html]
[100verme.com.br/dist]
[100verme.com.br/dist/index.html]
[100verme.com.br/29/02.52.delayed]
[100verme.com.br/29/02/index.html]
[100verme.com.br/02/29]
[100verme.com.br/02/29/index.html]
[100verme.com.br/QTa.html]
[100verme.com.br/ABCDEFGHIJKLMNOPQRSTUVWXYZabcdefghijklmnopqrstuvwxyz0123456789+.html]
[100verme.com.br/edge.html]
[100verme.com.br/6lN.html]
[100verme.com.br/dist.html]
[100verme.com.br/29/02.html]
[100verme.com.br/02/29.html]
